src/components/common/EvidenceUpload/DragOverlay.tsx(25,68): error TS2304: Cannot find name 'isDragging'.
src/components/common/EvidenceUpload/DragOverlay.tsx(29,65): error TS2304: Cannot find name 'isDragging'.
src/components/common/EvidenceUpload/DragOverlay.tsx(41,73): error TS2304: Cannot find name 'isDragging'.
src/components/modals/ARInfoModal/ARSummaryModal.tsx(25,3): error TS2724: '"@/utils/accountsReceivable/types"' has no exported member named 'AccountsReceivableSummaryData'. Did you mean 'AccountsReceivableDetail'?
src/components/modals/ARInfoModal/ARSummaryModal.tsx(26,3): error TS2724: '"@/utils/accountsReceivable/types"' has no exported member named 'AccountsReceivableSummaryView'. Did you mean 'AccountReceivableRow'?
src/components/modals/ARInfoModal/components/ActionButtons.tsx(10,15): error TS2724: '"@/utils/accountsReceivable/types"' has no exported member named 'AccountsReceivableSummaryView'. Did you mean 'AccountReceivableRow'?
src/components/modals/ARInfoModal/components/ContextPanels.tsx(19,15): error TS2724: '"@/utils/accountsReceivable/types"' has no exported member named 'AccountsReceivableSummaryView'. Did you mean 'AccountReceivableRow'?
src/components/modals/ARInfoModal/components/HeroKPIs.tsx(13,15): error TS2724: '"@/utils/accountsReceivable/types"' has no exported member named 'AccountsReceivableSummaryView'. Did you mean 'AccountReceivableRow'?
src/components/modals/ARInfoModal/components/InstallmentSchedule.tsx(9,5): error TS2724: '"@/utils/accountsReceivable/types"' has no exported member named 'AccountsReceivableSummaryView'. Did you mean 'AccountReceivableRow'?
src/components/modals/ARInfoModal/components/PaymentHistory.tsx(9,5): error TS2724: '"@/utils/accountsReceivable/types"' has no exported member named 'AccountsReceivableSummaryView'. Did you mean 'AccountReceivableRow'?
src/components/modals/ARInfoModal/components/PaymentHistory.tsx(100,73): error TS2339: Property 'comments' does not exist on type 'AccountsReceivablePayment'.
src/components/modals/ARInfoModal/components/Timeline.tsx(20,15): error TS2724: '"@/utils/accountsReceivable/types"' has no exported member named 'AccountsReceivableSummaryView'. Did you mean 'AccountReceivableRow'?
src/components/modals/ARInfoModal/generateARPDF.ts(63,40): error TS2339: Property 'tel' does not exist on type 'ReceivableClient'.
src/components/modals/ARInfoModal/generateARPDF.ts(64,41): error TS2339: Property 'address' does not exist on type 'ReceivableClient'.
src/components/modals/ARInfoModal/generateARPDF.ts(75,49): error TS2339: Property 'date' does not exist on type 'ReceivableInvoiceData'.
src/components/modals/ARInfoModal/generateARPDF.ts(133,51): error TS2339: Property 'value' does not exist on type '{ status?: boolean; method?: string; }'.
src/components/modals/ARInfoModal/generateARPDF.ts(134,66): error TS2339: Property 'value' does not exist on type '{ status?: boolean; method?: string; }'.
src/components/modals/ARInfoModal/utils.ts(4,3): error TS2724: '"@/utils/accountsReceivable/types"' has no exported member named 'AccountsReceivableSummaryData'. Did you mean 'AccountsReceivableDetail'?
src/components/modals/ARInfoModal/utils.ts(7,10): error TS2614: Module '"@/utils/date/dateUtils"' has no exported member 'formatLocaleDate'. Did you mean to use 'import formatLocaleDate from "@/utils/date/dateUtils"' instead?
src/components/modals/InvoiceForm/components/InvoiceInfo/InfoiceInfo.tsx(105,16): error TS2554: Expected 1 arguments, but got 0.
src/components/modals/InvoiceForm/components/Products/ProductListModal.tsx(391,55): error TS2304: Cannot find name '$isLow'.
src/components/modals/InvoiceForm/components/Products/ProductListModal.tsx(392,60): error TS2304: Cannot find name '$isLow'.
src/components/modals/InvoiceForm/InvoiceForm.tsx(88,16): error TS2554: Expected 1 arguments, but got 0.
src/components/modals/InvoiceForm/InvoiceForm.tsx(121,14): error TS2554: Expected 1 arguments, but got 0.
src/components/modals/ProductForm/components/sections/BarCode.tsx(320,20): error TS2339: Property 'checkDigit' does not exist on type '{ valid: boolean; type: any; message: any; error: any; country?: undefined; structure?: undefined; isVariableWeight?: undefined; } | { valid: boolean; type: any; country: any; structure: any; isVariableWeight: any; message: string; error?: undefined; }'.
  Property 'checkDigit' does not exist on type '{ valid: boolean; type: any; message: any; error: any; country?: undefined; structure?: undefined; isVariableWeight?: undefined; }'.
src/components/modals/ProductForm/components/sections/BarCode.tsx(321,20): error TS2339: Property 'checkDigit' does not exist on type '{ valid: boolean; type: any; message: any; error: any; country?: undefined; structure?: undefined; isVariableWeight?: undefined; } | { valid: boolean; type: any; country: any; structure: any; isVariableWeight: any; message: string; error?: undefined; }'.
  Property 'checkDigit' does not exist on type '{ valid: boolean; type: any; message: any; error: any; country?: undefined; structure?: undefined; isVariableWeight?: undefined; }'.
src/components/modals/ProductForm/components/sections/BarCode.tsx(322,19): error TS2339: Property 'checkDigit' does not exist on type '{ valid: boolean; type: any; message: any; error: any; country?: undefined; structure?: undefined; isVariableWeight?: undefined; } | { valid: boolean; type: any; country: any; structure: any; isVariableWeight: any; message: string; error?: undefined; }'.
  Property 'checkDigit' does not exist on type '{ valid: boolean; type: any; message: any; error: any; country?: undefined; structure?: undefined; isVariableWeight?: undefined; }'.
src/components/modals/ProductForm/components/sections/BarCode.tsx(327,30): error TS2339: Property 'checkDigit' does not exist on type '{ valid: boolean; type: any; message: any; error: any; country?: undefined; structure?: undefined; isVariableWeight?: undefined; } | { valid: boolean; type: any; country: any; structure: any; isVariableWeight: any; message: string; error?: undefined; }'.
  Property 'checkDigit' does not exist on type '{ valid: boolean; type: any; message: any; error: any; country?: undefined; structure?: undefined; isVariableWeight?: undefined; }'.
src/components/modals/ProductForm/components/sections/BarCode.tsx(328,91): error TS2339: Property 'checkDigit' does not exist on type '{ valid: boolean; type: any; message: any; error: any; country?: undefined; structure?: undefined; isVariableWeight?: undefined; } | { valid: boolean; type: any; country: any; structure: any; isVariableWeight: any; message: string; error?: undefined; }'.
  Property 'checkDigit' does not exist on type '{ valid: boolean; type: any; message: any; error: any; country?: undefined; structure?: undefined; isVariableWeight?: undefined; }'.
src/components/modals/ProductForm/components/sections/BarcodeInfoModal/BarcodeInfoModal.tsx(141,24): error TS2339: Property 'checkDigit' does not exist on type '{ valid: boolean; type: any; message: any; error: any; country?: undefined; structure?: undefined; isVariableWeight?: undefined; } | { valid: boolean; type: any; country: any; structure: any; isVariableWeight: any; message: string; error?: undefined; }'.
  Property 'checkDigit' does not exist on type '{ valid: boolean; type: any; message: any; error: any; country?: undefined; structure?: undefined; isVariableWeight?: undefined; }'.
src/components/modals/ProductForm/components/sections/BarcodeInfoModal/BarcodeInfoModal.tsx(145,49): error TS2339: Property 'checkDigit' does not exist on type '{ valid: boolean; type: any; message: any; error: any; country?: undefined; structure?: undefined; isVariableWeight?: undefined; } | { valid: boolean; type: any; country: any; structure: any; isVariableWeight: any; message: string; error?: undefined; }'.
  Property 'checkDigit' does not exist on type '{ valid: boolean; type: any; message: any; error: any; country?: undefined; structure?: undefined; isVariableWeight?: undefined; }'.
src/components/modals/ProductForm/components/sections/BarcodeInfoModal/BarcodeInfoModal.tsx(146,32): error TS2339: Property 'checkDigit' does not exist on type '{ valid: boolean; type: any; message: any; error: any; country?: undefined; structure?: undefined; isVariableWeight?: undefined; } | { valid: boolean; type: any; country: any; structure: any; isVariableWeight: any; message: string; error?: undefined; }'.
  Property 'checkDigit' does not exist on type '{ valid: boolean; type: any; message: any; error: any; country?: undefined; structure?: undefined; isVariableWeight?: undefined; }'.
src/components/modals/ProductForm/ImageManager/ImageManager.tsx(263,52): error TS2322: Type 'unknown' is not assignable to type 'string'.
src/components/modals/ProductOutflowModal/OutputProductEntry/OutputProductEntry.tsx(92,13): error TS2322: Type '{ type: "number"; bgColor: string; border: true; placeholder: string; name: string; value: string | number; onChange: (e: ChangeEvent<HTMLInputElement>) => { ...; }; }' is not assignable to type 'IntrinsicAttributes & InputV4Props'.
  Property 'border' does not exist on type 'IntrinsicAttributes & InputV4Props'.
src/components/modals/ProductOutflowModal/OutputProductEntry/OutputProductEntry.tsx(105,13): error TS2322: Type '{ value: string; placeholder: string; name: string; onChange: (e: ChangeEvent<HTMLInputElement>, type?: "number") => { payload: any; type: "productOutflow/selectProduct"; }; border: true; bgColor: string; }' is not assignable to type 'IntrinsicAttributes & InputV4Props'.
  Property 'border' does not exist on type 'IntrinsicAttributes & InputV4Props'.
src/components/modals/ProductOutflowModal/OutputProductEntry/OutputProductEntry.tsx(115,13): error TS2322: Type '{ value: string; placeholder: string; name: string; onChange: (e: ChangeEvent<HTMLInputElement>, type?: "number") => { payload: any; type: "productOutflow/selectProduct"; }; border: true; bgColor: string; }' is not assignable to type 'IntrinsicAttributes & InputV4Props'.
  Property 'border' does not exist on type 'IntrinsicAttributes & InputV4Props'.
src/components/modals/ProductOutflowModal/ProductOutflowModal.tsx(73,14): error TS2554: Expected 1 arguments, but got 0.
src/components/ui/Button/AddProductButton.tsx(17,14): error TS2554: Expected 1 arguments, but got 0.
src/components/ui/Product/Cart/Alert.tsx(27,14): error TS2554: Expected 1 arguments, but got 0.
src/components/ui/Product/Product/hooks/useProductHandling.tsx(150,45): error TS2345: Argument of type 'import("C:/Users/jonat/OneDrive/Documentos/VentaMas/src/types/products").ProductRecord' is not assignable to parameter of type 'ProductRecord'.
  Type 'ProductRecord' is not assignable to type '{ id: string; }'.
    Property 'id' is optional in type 'ProductRecord' but required in type '{ id: string; }'.
src/components/ui/Product/Product/hooks/useProductHandling.tsx(158,49): error TS2345: Argument of type 'import("C:/Users/jonat/OneDrive/Documentos/VentaMas/src/types/products").ProductRecord' is not assignable to parameter of type 'ProductRecord'.
  Type 'ProductRecord' is not assignable to type '{ id: string; }'.
    Property 'id' is optional in type 'ProductRecord' but required in type '{ id: string; }'.
src/features/abilities/abilitiesSlice.ts(1,23): error TS1484: 'PayloadAction' is a type and must be imported using a type-only import when 'verbatimModuleSyntax' is enabled.
src/features/accountsReceivable/accountsReceivablePaymentSlice.ts(1,41): error TS1484: 'PayloadAction' is a type and must be imported using a type-only import when 'verbatimModuleSyntax' is enabled.
src/features/activeIngredients/activeIngredientsSlice.ts(1,23): error TS1484: 'PayloadAction' is a type and must be imported using a type-only import when 'verbatimModuleSyntax' is enabled.
src/features/addOrder/addOrderSlice.ts(1,23): error TS1484: 'PayloadAction' is a type and must be imported using a type-only import when 'verbatimModuleSyntax' is enabled.
src/features/Alert/AlertSlice.ts(1,23): error TS1484: 'PayloadAction' is a type and must be imported using a type-only import when 'verbatimModuleSyntax' is enabled.
src/features/auth/businessSlice.ts(1,23): error TS1484: 'PayloadAction' is a type and must be imported using a type-only import when 'verbatimModuleSyntax' is enabled.
src/features/barcodePrintModalSlice/barcodePrintModalSlice.ts(1,23): error TS1484: 'PayloadAction' is a type and must be imported using a type-only import when 'verbatimModuleSyntax' is enabled.
src/features/cart/cartSlice.ts(513,3): error TS2339: Property 'togglePrintWarranty' does not exist on type 'CaseReducerActions<{ toggleCart: (state: any) => void; loadCart: (state: any, actions: { payload: any; type: string; }) => void; setClient: (state: any, actions: { payload: any; type: string; }) => void; setDefaultClient: (state: any) => void; ... 38 more ...; clearCreditNotePayment: (state: any) => void; }, "factur...'.
src/features/cart/cartSlice.ts(526,3): error TS2339: Property 'selectClientInState' does not exist on type 'CaseReducerActions<{ toggleCart: (state: any) => void; loadCart: (state: any, actions: { payload: any; type: string; }) => void; setClient: (state: any, actions: { payload: any; type: string; }) => void; setDefaultClient: (state: any) => void; ... 38 more ...; clearCreditNotePayment: (state: any) => void; }, "factur...'.
src/features/cart/cartSlice.ts(527,3): error TS2339: Property 'setChange' does not exist on type 'CaseReducerActions<{ toggleCart: (state: any) => void; loadCart: (state: any, actions: { payload: any; type: string; }) => void; setClient: (state: any, actions: { payload: any; type: string; }) => void; setDefaultClient: (state: any) => void; ... 38 more ...; clearCreditNotePayment: (state: any) => void; }, "factur...'.
src/features/cart/cartSlice.ts(530,3): error TS2339: Property 'totalPurchase' does not exist on type 'CaseReducerActions<{ toggleCart: (state: any) => void; loadCart: (state: any, actions: { payload: any; type: string; }) => void; setClient: (state: any, actions: { payload: any; type: string; }) => void; setDefaultClient: (state: any) => void; ... 38 more ...; clearCreditNotePayment: (state: any) => void; }, "factur...'.
src/features/cart/cartSlice.ts(532,3): error TS2339: Property 'totalShoppingItems' does not exist on type 'CaseReducerActions<{ toggleCart: (state: any) => void; loadCart: (state: any, actions: { payload: any; type: string; }) => void; setClient: (state: any, actions: { payload: any; type: string; }) => void; setDefaultClient: (state: any) => void; ... 38 more ...; clearCreditNotePayment: (state: any) => void; }, "factur...'.
src/features/cart/cartSlice.ts(535,3): error TS2339: Property 'totalTaxes' does not exist on type 'CaseReducerActions<{ toggleCart: (state: any) => void; loadCart: (state: any, actions: { payload: any; type: string; }) => void; setClient: (state: any, actions: { payload: any; type: string; }) => void; setDefaultClient: (state: any) => void; ... 38 more ...; clearCreditNotePayment: (state: any) => void; }, "factur...'.
src/features/cart/cartSlice.ts(536,3): error TS2339: Property 'updateClientInState' does not exist on type 'CaseReducerActions<{ toggleCart: (state: any) => void; loadCart: (state: any, actions: { payload: any; type: string; }) => void; setClient: (state: any, actions: { payload: any; type: string; }) => void; setDefaultClient: (state: any) => void; ... 38 more ...; clearCreditNotePayment: (state: any) => void; }, "factur...'.
src/features/cart/cartSlice.ts(537,3): error TS2339: Property 'saveBillInFirebase' does not exist on type 'CaseReducerActions<{ toggleCart: (state: any) => void; loadCart: (state: any, actions: { payload: any; type: string; }) => void; setClient: (state: any, actions: { payload: any; type: string; }) => void; setDefaultClient: (state: any) => void; ... 38 more ...; clearCreditNotePayment: (state: any) => void; }, "factur...'.
src/features/cashCount/cashCountManagementSlice.ts(1,23): error TS1484: 'PayloadAction' is a type and must be imported using a type-only import when 'verbatimModuleSyntax' is enabled.
src/features/cashCount/cashStateSlice.ts(1,23): error TS1484: 'PayloadAction' is a type and must be imported using a type-only import when 'verbatimModuleSyntax' is enabled.
src/features/category/categorySlicer.ts(1,39): error TS1484: 'PayloadAction' is a type and must be imported using a type-only import when 'verbatimModuleSyntax' is enabled.
src/features/clientCart/clientCartSlice.ts(1,23): error TS1484: 'PayloadAction' is a type and must be imported using a type-only import when 'verbatimModuleSyntax' is enabled.
src/features/creditNote/creditNoteModalSlice.ts(1,23): error TS1484: 'PayloadAction' is a type and must be imported using a type-only import when 'verbatimModuleSyntax' is enabled.
src/features/customProducts/customPizzaSlice.ts(1,23): error TS1484: 'PayloadAction' is a type and must be imported using a type-only import when 'verbatimModuleSyntax' is enabled.
src/features/customProducts/customProductSlice.ts(1,23): error TS1484: 'PayloadAction' is a type and must be imported using a type-only import when 'verbatimModuleSyntax' is enabled.
src/features/doctors/doctorsSlice.ts(1,23): error TS1484: 'PayloadAction' is a type and must be imported using a type-only import when 'verbatimModuleSyntax' is enabled.
src/features/expense/expenseManagementSlice.ts(1,23): error TS1484: 'PayloadAction' is a type and must be imported using a type-only import when 'verbatimModuleSyntax' is enabled.
src/features/expense/expenseManagementSlice.ts(27,37): error TS2339: Property 'invoice' does not exist on type 'WritableDraft<{ description: string; amount: number; dates: { expenseDate: number; createdAt: string; }; receiptImageUrl: string; category: string; categoryId: string; }>'.
src/features/expense/expenseManagementSlice.ts(28,37): error TS2339: Property 'payment' does not exist on type 'WritableDraft<{ description: string; amount: number; dates: { expenseDate: number; createdAt: string; }; receiptImageUrl: string; category: string; categoryId: string; }>'.
src/features/expense/expenseManagementSlice.ts(29,59): error TS2339: Property 'attachments' does not exist on type 'WritableDraft<{ description: string; amount: number; dates: { expenseDate: number; createdAt: string; }; receiptImageUrl: string; category: string; categoryId: string; }>'.
src/features/expense/expensesListSlice.ts(1,23): error TS1484: 'PayloadAction' is a type and must be imported using a type-only import when 'verbatimModuleSyntax' is enabled.
src/features/files/fileSlice.ts(1,23): error TS1484: 'PayloadAction' is a type and must be imported using a type-only import when 'verbatimModuleSyntax' is enabled.
src/features/files/fileSlice.ts(30,3): error TS2339: Property 'addFiles' does not exist on type 'CaseReducerActions<{ openFileCenter: (state: any, action: { payload: any; type: string; }) => void; closeFileCenter: (state: any) => void; }, "files">'.
src/features/files/fileSlice.ts(31,3): error TS2339: Property 'removeFile' does not exist on type 'CaseReducerActions<{ openFileCenter: (state: any, action: { payload: any; type: string; }) => void; closeFileCenter: (state: any) => void; }, "files">'.
src/features/files/fileSlice.ts(32,3): error TS2339: Property 'setAttachmentUrls' does not exist on type 'CaseReducerActions<{ openFileCenter: (state: any, action: { payload: any; type: string; }) => void; closeFileCenter: (state: any) => void; }, "files">'.
src/features/Firestore/products/addProductSlice.ts(1,23): error TS1484: 'PayloadAction' is a type and must be imported using a type-only import when 'verbatimModuleSyntax' is enabled.
src/features/imageViewer/imageViewerSlice.ts(1,23): error TS1484: 'PayloadAction' is a type and must be imported using a type-only import when 'verbatimModuleSyntax' is enabled.
src/features/insurance/insuranceAuthSlice.ts(1,23): error TS1484: 'PayloadAction' is a type and must be imported using a type-only import when 'verbatimModuleSyntax' is enabled.
src/features/insurance/insuranceConfigModalSlice.ts(1,23): error TS1484: 'PayloadAction' is a type and must be imported using a type-only import when 'verbatimModuleSyntax' is enabled.
src/features/insurance/insuranceSlice.ts(1,23): error TS1484: 'PayloadAction' is a type and must be imported using a type-only import when 'verbatimModuleSyntax' is enabled.
src/features/invoice/invoiceFormSlice.ts(1,23): error TS1484: 'PayloadAction' is a type and must be imported using a type-only import when 'verbatimModuleSyntax' is enabled.
src/features/invoice/invoicePreviewSlice.ts(3,23): error TS1484: 'PayloadAction' is a type and must be imported using a type-only import when 'verbatimModuleSyntax' is enabled.
src/features/loader/loaderSlice.ts(1,23): error TS1484: 'PayloadAction' is a type and must be imported using a type-only import when 'verbatimModuleSyntax' is enabled.
src/features/modals/modalSlice.ts(1,23): error TS1484: 'PayloadAction' is a type and must be imported using a type-only import when 'verbatimModuleSyntax' is enabled.
src/features/modals/modalSlice.ts(263,3): error TS2339: Property 'openModalBilling' does not exist on type 'CaseReducerActions<{ openModalAddClient: (state: any) => void; closeModalAddClient: (state: any) => void; openModalAddProd: (state: any) => void; closeModalAddProd: (state: any) => void; openModalUpdateProd: (state: any, actions: { ...; }) => void; ... 16 more ...; toggleDeveloperModal: (state: any, action: { ...; }...'.
src/features/modals/modalSlice.ts(264,3): error TS2339: Property 'closeModalBilling' does not exist on type 'CaseReducerActions<{ openModalAddClient: (state: any) => void; closeModalAddClient: (state: any) => void; openModalAddProd: (state: any) => void; closeModalAddProd: (state: any) => void; openModalUpdateProd: (state: any, actions: { ...; }) => void; ... 16 more ...; toggleDeveloperModal: (state: any, action: { ...; }...'.
src/features/modals/modalSlice.ts(271,3): error TS2339: Property 'handleModalCreateClient' does not exist on type 'CaseReducerActions<{ openModalAddClient: (state: any) => void; closeModalAddClient: (state: any) => void; openModalAddProd: (state: any) => void; closeModalAddProd: (state: any) => void; openModalUpdateProd: (state: any, actions: { ...; }) => void; ... 16 more ...; toggleDeveloperModal: (state: any, action: { ...; }...'.
src/features/nav/navSlice.ts(1,23): error TS1484: 'PayloadAction' is a type and must be imported using a type-only import when 'verbatimModuleSyntax' is enabled.
src/features/navigation/navigationSlice.ts(2,23): error TS1484: 'PayloadAction' is a type and must be imported using a type-only import when 'verbatimModuleSyntax' is enabled.
src/features/noteModal/noteModalSlice.ts(2,23): error TS1484: 'PayloadAction' is a type and must be imported using a type-only import when 'verbatimModuleSyntax' is enabled.
src/features/notification/notificationCenterSlice.ts(23,3): error TS2339: Property 'setActiveModule' does not exist on type 'CaseReducerActions<{ openNotificationCenter: (state: any) => void; closeNotificationCenter: (state: any) => void; }, "notificationCenter">'.
src/features/notification/notificationSlice.ts(1,23): error TS1484: 'PayloadAction' is a type and must be imported using a type-only import when 'verbatimModuleSyntax' is enabled.
src/features/productBrands/productBrandSlice.ts(1,23): error TS1484: 'PayloadAction' is a type and must be imported using a type-only import when 'verbatimModuleSyntax' is enabled.
src/features/productOutflow/productOutflow.ts(1,23): error TS1484: 'PayloadAction' is a type and must be imported using a type-only import when 'verbatimModuleSyntax' is enabled.
src/features/productWeightEntryModalSlice/productWeightEntryModalSlice.ts(2,23): error TS1484: 'PayloadAction' is a type and must be imported using a type-only import when 'verbatimModuleSyntax' is enabled.
src/features/purchase/addPurchaseSlice.ts(1,23): error TS1484: 'PayloadAction' is a type and must be imported using a type-only import when 'verbatimModuleSyntax' is enabled.
src/features/purchase/addPurchaseSlice.ts(272,3): error TS2339: Property 'getPendingPurchaseFromDB' does not exist on type 'CaseReducerActions<{ setAddPurchaseMode: (state: any, actions: { payload: any; type: string; }) => void; getOrderData: (state: any, actions: { payload: any; type: string; }) => void; setProductSelected: (state: any, actions: { ...; }) => void; ... 13 more ...; clearSelectedBackOrders: (state: any) => void; }, "addPu...'.
src/features/purchase/addPurchaseSlice.ts(276,3): error TS2339: Property 'handleSetFilterOptions' does not exist on type 'CaseReducerActions<{ setAddPurchaseMode: (state: any, actions: { payload: any; type: string; }) => void; getOrderData: (state: any, actions: { payload: any; type: string; }) => void; setProductSelected: (state: any, actions: { ...; }) => void; ... 13 more ...; clearSelectedBackOrders: (state: any) => void; }, "addPu...'.
src/features/purchase/purchasesSlice.ts(1,23): error TS1484: 'PayloadAction' is a type and must be imported using a type-only import when 'verbatimModuleSyntax' is enabled.
src/features/search/searchSlice.ts(1,23): error TS1484: 'PayloadAction' is a type and must be imported using a type-only import when 'verbatimModuleSyntax' is enabled.
src/features/taxReceipt/taxReceiptSlice.ts(1,23): error TS1484: 'PayloadAction' is a type and must be imported using a type-only import when 'verbatimModuleSyntax' is enabled.
src/features/theme/themeSlice.ts(1,23): error TS1484: 'PayloadAction' is a type and must be imported using a type-only import when 'verbatimModuleSyntax' is enabled.
src/features/updateProduct/updateProductSlice.ts(1,23): error TS1484: 'PayloadAction' is a type and must be imported using a type-only import when 'verbatimModuleSyntax' is enabled.
src/features/updateProduct/updateProductSlice.ts(217,3): error TS2339: Property 'updateSaleOptions' does not exist on type 'CaseReducerActions<{ ChangeProductData: (state: any, action: { payload: any; type: string; }) => void; setProduct: (state: any, action: { payload: any; type: string; }) => void; ChangeProductImage: (state: any, action: { ...; }) => void; changeProductPrice: (state: any, action: { ...; }) => void; toggleSaleUnits: (s...'.
src/features/updateProduct/updateProductSlice.ts(218,3): error TS2339: Property 'updateSaleUnit' does not exist on type 'CaseReducerActions<{ ChangeProductData: (state: any, action: { payload: any; type: string; }) => void; setProduct: (state: any, action: { payload: any; type: string; }) => void; ChangeProductImage: (state: any, action: { ...; }) => void; changeProductPrice: (state: any, action: { ...; }) => void; toggleSaleUnits: (s...'.
src/features/uploadImg/uploadImageSlice.ts(1,23): error TS1484: 'PayloadAction' is a type and must be imported using a type-only import when 'verbatimModuleSyntax' is enabled.
src/features/UserNotification/UserNotificationSlice.ts(2,16): error TS1484: 'PayloadAction' is a type and must be imported using a type-only import when 'verbatimModuleSyntax' is enabled.
src/features/usersManagement/usersManagementSlice.ts(1,23): error TS1484: 'PayloadAction' is a type and must be imported using a type-only import when 'verbatimModuleSyntax' is enabled.
src/features/warehouse/productExpirySelectionSlice.ts(2,39): error TS1484: 'PayloadAction' is a type and must be imported using a type-only import when 'verbatimModuleSyntax' is enabled.
src/hooks/useOrders.tsx(59,22): error TS2352: Conversion of type 'Promise<any>' to type 'Order' may be a mistake because neither type sufficiently overlaps with the other. If this was intentional, convert the expression to 'unknown' first.
  Index signature for type 'string' is missing in type 'Promise<any>'.
src/modules/accountsReceivable/pages/AccountReceivable/pages/AccountReceivableAudit/components/InvoiceTable.tsx(6,10): error TS2614: Module '"@/utils/date/dateUtils"' has no exported member 'formatLocaleDate'. Did you mean to use 'import formatLocaleDate from "@/utils/date/dateUtils"' instead?
src/modules/auth/pages/Login/components/LoginForm.tsx(28,8): error TS2305: Module '"@/firebase/Auth/fbAuthV2/fbSignIn/fbSignIn"' has no exported member 'FbSignInResult'.
src/modules/auth/pages/Login/components/LoginForm.tsx(29,8): error TS2724: '"@/firebase/Auth/fbAuthV2/fbSignIn/fbSignIn"' has no exported member named 'FbSignInUser'. Did you mean 'fbSignIn'?
src/modules/cashReconciliation/pages/CashReconciliation/components/Body/tableConfig.tsx(5,10): error TS2614: Module '"@/utils/date/dateUtils"' has no exported member 'formatDateTime'. Did you mean to use 'import formatDateTime from "@/utils/date/dateUtils"' instead?
src/modules/cashReconciliation/pages/CashReconciliation/page/CashRegisterClosure/components/Body/RightSide/CashCountMetaData.tsx(131,42): error TS2558: Expected 0 type arguments, but got 1.
src/modules/checkout/pages/checkout/components/Header/Header.tsx(7,10): error TS2614: Module '"@/utils/date/dateUtils"' has no exported member 'formatDateTime'. Did you mean to use 'import formatDateTime from "@/utils/date/dateUtils"' instead?
src/modules/checkout/pages/checkout/components/Header/Header.tsx(13,15): error TS2724: '"@/utils/accountsReceivable/types"' has no exported member named 'AccountsReceivablePaymentReceipt'. Did you mean 'AccountsReceivablePayment'?
src/modules/checkout/pages/checkout/receipts/AccountsReceivablePaymentReceipt/AccountsReceivablePaymentReceipt.tsx(8,3): error TS2724: '"@/utils/accountsReceivable/types"' has no exported member named 'AccountsReceivablePaymentReceipt'. Did you mean 'AccountsReceivablePayment'?
src/modules/checkout/pages/checkout/receipts/AccountsReceivablePaymentReceipt/AccountsReceivablePaymentReceipt.tsx(9,3): error TS2305: Module '"@/utils/accountsReceivable/types"' has no exported member 'ReceivablePaidInstallment'.
src/modules/checkout/pages/checkout/receipts/AccountsReceivablePaymentReceipt/AccountsReceivablePaymentReceipt.tsx(10,3): error TS2305: Module '"@/utils/accountsReceivable/types"' has no exported member 'ReceivablePaymentReceiptAccount'.
src/modules/checkout/pages/checkout/receipts/AccountsReceivablePaymentReceipt/components/GeneralBalance.tsx(8,15): error TS2724: '"@/utils/accountsReceivable/types"' has no exported member named 'AccountsReceivablePaymentReceipt'. Did you mean 'AccountsReceivablePayment'?
src/modules/checkout/pages/checkout/receipts/AccountsReceivablePaymentReceipt/components/PaymentArea.tsx(7,3): error TS2724: '"@/utils/accountsReceivable/types"' has no exported member named 'AccountsReceivablePaymentReceipt'. Did you mean 'AccountsReceivablePayment'?
src/modules/expenses/pages/Expenses/ExpensesForm/components/ManageExpenseCategoriesModal.tsx(23,10): error TS2614: Module '"@/utils/date/dateUtils"' has no exported member 'formatLocaleDate'. Did you mean to use 'import formatLocaleDate from "@/utils/date/dateUtils"' instead?
src/modules/expenses/pages/Expenses/ExpensesForm/hooks/useOpenCashRegisters.ts(12,10): error TS2614: Module '"@/utils/date/dateUtils"' has no exported member 'formatLocaleDate'. Did you mean to use 'import formatLocaleDate from "@/utils/date/dateUtils"' instead?
src/modules/inventory/pages/Inventario/pages/ItemsManager/components/ProductTable/ProductCard/ProductCardRow.tsx(60,14): error TS2554: Expected 1 arguments, but got 0.
src/modules/inventory/pages/Inventario/pages/ItemsManager/components/ProductTable/ProductCard/ProductItem.tsx(51,14): error TS2554: Expected 1 arguments, but got 0.
src/modules/inventory/pages/Inventario/pages/ItemsManager/components/ProductTable/ProductsTable.tsx(84,14): error TS2554: Expected 1 arguments, but got 0.
src/modules/inventory/pages/Inventario/pages/ProductOutflow/components/Header/Header.tsx(13,14): error TS2554: Expected 1 arguments, but got 0.
src/modules/inventory/pages/Inventario/pages/ProductOutflow/ProductOutflow.tsx(17,10): error TS2614: Module '"@/utils/date/dateUtils"' has no exported member 'formatDate'. Did you mean to use 'import formatDate from "@/utils/date/dateUtils"' instead?
src/modules/inventory/pages/Inventario/pages/ProductOutflow/ProductOutflow.tsx(17,22): error TS2614: Module '"@/utils/date/dateUtils"' has no exported member 'toMillis'. Did you mean to use 'import toMillis from "@/utils/date/dateUtils"' instead?
src/modules/inventory/pages/Inventario/pages/ProductOutflow/ProductOutflow.tsx(58,14): error TS2554: Expected 1 arguments, but got 0.
src/modules/inventory/pages/Inventario/pages/ProductOutflow/toggleProductOutflowModal.ts(81,12): error TS2554: Expected 1 arguments, but got 0.
src/modules/inventory/pages/Inventory/components/AllMovements/AllMovements.tsx(10,10): error TS2614: Module '"@/utils/date/dateUtils"' has no exported member 'formatLocaleDate'. Did you mean to use 'import formatLocaleDate from "@/utils/date/dateUtils"' instead?
src/modules/inventory/pages/Inventory/components/Warehouse/components/DeleteProductStock/DeleteProductStockModal.tsx(18,10): error TS2614: Module '"@/utils/date/dateUtils"' has no exported member 'formatLocaleDate'. Did you mean to use 'import formatLocaleDate from "@/utils/date/dateUtils"' instead?
src/modules/inventory/pages/Inventory/components/Warehouse/components/DetailView/components/MovementsTable.tsx(8,10): error TS2614: Module '"@/utils/date/dateUtils"' has no exported member 'formatLocaleDate'. Did you mean to use 'import formatLocaleDate from "@/utils/date/dateUtils"' instead?
src/modules/inventory/pages/Inventory/components/Warehouse/components/ProductBatchModal/ProductBatchModal.tsx(31,10): error TS2614: Module '"@/utils/date/dateUtils"' has no exported member 'formatLocaleDate'. Did you mean to use 'import formatLocaleDate from "@/utils/date/dateUtils"' instead?
src/modules/inventory/pages/Inventory/components/Warehouse/components/ProductStockOverview/components/BatchGroup.tsx(14,10): error TS2614: Module '"@/utils/date/dateUtils"' has no exported member 'formatLocaleDate'. Did you mean to use 'import formatLocaleDate from "@/utils/date/dateUtils"' instead?
src/modules/inventory/pages/Inventory/components/Warehouse/components/ProductStockOverview/components/ProductStockTable.tsx(10,10): error TS2614: Module '"@/utils/date/dateUtils"' has no exported member 'formatLocaleDate'. Did you mean to use 'import formatLocaleDate from "@/utils/date/dateUtils"' instead?
src/modules/inventory/pages/InventoryControl/components/inventoryTableUtils.ts(3,10): error TS2614: Module '"@/utils/date/dateUtils"' has no exported member 'formatLocaleDate'. Did you mean to use 'import formatLocaleDate from "@/utils/date/dateUtils"' instead?
src/modules/inventory/pages/InventorySessionsList/InventorySessionsList.tsx(24,10): error TS2614: Module '"@/utils/date/dateUtils"' has no exported member 'formatDate'. Did you mean to use 'import formatDate from "@/utils/date/dateUtils"' instead?
src/modules/inventory/pages/InventorySessionsList/InventorySessionsList.tsx(24,22): error TS2614: Module '"@/utils/date/dateUtils"' has no exported member 'formatLocaleDate'. Did you mean to use 'import formatLocaleDate from "@/utils/date/dateUtils"' instead?
src/modules/inventory/pages/InventorySessionsList/InventorySessionsList.tsx(24,40): error TS2614: Module '"@/utils/date/dateUtils"' has no exported member 'toMillis'. Did you mean to use 'import toMillis from "@/utils/date/dateUtils"' instead?
src/modules/inventory/pages/InventorySessionsList/InventorySessionsList.tsx(555,16): error TS2739: Type '{ mode: string; value: [DateTime<boolean>, DateTime<boolean>]; onChange: Dispatch<SetStateAction<[DateTime<boolean>, DateTime<boolean>]>>; placeholder: string; allowClear: true; }' is missing the following properties from type '{ [x: string]: any; mode?: string; value: any; onChange: any; placeholder?: string; format?: string; allowClear?: boolean; size?: string; disabled?: boolean; presets?: any[]; className: any; style: any; }': className, style
src/modules/invoice/components/Invoice/templates/Invoicing/InvoiceTemplate1/components/Header/Header.tsx(7,10): error TS2614: Module '"@/utils/date/dateUtils"' has no exported member 'formatDateTime'. Did you mean to use 'import formatDateTime from "@/utils/date/dateUtils"' instead?
src/modules/invoice/components/Quotation/templates/Invoicing/InvoiceTemplate1/components/Header/Header.tsx(9,10): error TS2614: Module '"@/utils/date/dateUtils"' has no exported member 'formatDateTime'. Did you mean to use 'import formatDateTime from "@/utils/date/dateUtils"' instead?
src/modules/invoice/components/Quotation/templates/Invoicing/QuotationTemplate2/components/Header/index.tsx(4,10): error TS2614: Module '"@/utils/date/dateUtils"' has no exported member 'formatLocaleDate'. Did you mean to use 'import formatLocaleDate from "@/utils/date/dateUtils"' instead?
src/modules/invoice/pages/InvoicesPage/components/FilterBar/components/DateRangeFilter.tsx(50,8): error TS2741: Property 'className' is missing in type '{ mode: string; value: (DateTime<true> | DateTime<false>)[]; onChange: (value: DatePickerValue) => void; allowClear: true; size: string; style: { width: string; }; }' but required in type '{ [x: string]: any; mode?: string; value: any; onChange: any; placeholder?: string; format?: string; allowClear?: boolean; size?: string; disabled?: boolean; presets?: any[]; className: any; style: any; }'.
src/modules/invoice/pages/InvoicesPage/SaleRecordList/InvoiceItem/InvoiceItem.tsx(21,10): error TS2614: Module '"@/utils/date/dateUtils"' has no exported member 'formatLocaleDate'. Did you mean to use 'import formatLocaleDate from "@/utils/date/dateUtils"' instead?
src/modules/invoice/pages/InvoicesPage/SaleRecordList/InvoiceItem/InvoiceItemWide.tsx(20,10): error TS2614: Module '"@/utils/date/dateUtils"' has no exported member 'formatLocaleDate'. Did you mean to use 'import formatLocaleDate from "@/utils/date/dateUtils"' instead?
src/modules/invoice/pages/InvoicesPage/SalesAnalyticsPanel/components/Bars/DailySalesBarChart/DailySalesBarChart.tsx(15,10): error TS2614: Module '"@/utils/date/dateUtils"' has no exported member 'formatLocaleDate'. Did you mean to use 'import formatLocaleDate from "@/utils/date/dateUtils"' instead?
src/modules/invoice/pages/InvoicesPage/SalesAnalyticsPanel/components/Bars/DailySalesBarChart/DailySalesBarChart.tsx(15,28): error TS2614: Module '"@/utils/date/dateUtils"' has no exported member 'formatLocaleMonthYear'. Did you mean to use 'import formatLocaleMonthYear from "@/utils/date/dateUtils"' instead?
src/modules/invoice/pages/InvoicesPage/SalesAnalyticsPanel/components/Bars/DiscountsGivenBarChart/DiscountsGivenBarChart.tsx(15,10): error TS2614: Module '"@/utils/date/dateUtils"' has no exported member 'formatLocaleDate'. Did you mean to use 'import formatLocaleDate from "@/utils/date/dateUtils"' instead?
src/modules/invoice/pages/InvoicesPage/SalesAnalyticsPanel/components/Bars/DiscountsGivenBarChart/DiscountsGivenBarChart.tsx(15,28): error TS2614: Module '"@/utils/date/dateUtils"' has no exported member 'formatLocaleMonthYear'. Did you mean to use 'import formatLocaleMonthYear from "@/utils/date/dateUtils"' instead?
src/modules/invoice/pages/InvoicesPage/SalesAnalyticsPanel/components/Bars/TaxedSalesStackedBarChart/TaxedSalesStackedBarChart.tsx(15,10): error TS2614: Module '"@/utils/date/dateUtils"' has no exported member 'formatLocaleDate'. Did you mean to use 'import formatLocaleDate from "@/utils/date/dateUtils"' instead?
src/modules/invoice/pages/InvoicesPage/SalesAnalyticsPanel/components/Bars/TaxedSalesStackedBarChart/TaxedSalesStackedBarChart.tsx(15,28): error TS2614: Module '"@/utils/date/dateUtils"' has no exported member 'formatLocaleMonthYear'. Did you mean to use 'import formatLocaleMonthYear from "@/utils/date/dateUtils"' instead?
src/modules/navigation/components/MenuApp/Components/MenuLink.tsx(51,16): error TS2554: Expected 1 arguments, but got 0.
src/modules/navigation/components/MenuApp/Components/NotificationButton/NotificationButton.tsx(16,37): error TS2345: Argument of type 'string' is not assignable to parameter of type 'void'.
src/modules/navigation/components/MenuApp/Components/SideBar.tsx(160,37): error TS2345: Argument of type 'string' is not assignable to parameter of type 'void'.
src/modules/navigation/components/MenuApp/GlobalMenu/Page/AccountReceivableToolbar/AccountReceivableToolbar.tsx(19,10): error TS2614: Module '"@/utils/date/dateUtils"' has no exported member 'toMillis'. Did you mean to use 'import toMillis from "@/utils/date/dateUtils"' instead?
src/modules/navigation/components/MenuApp/GlobalMenu/Page/AccountReceivableToolbar/components/MultiPaymentModal/MultiPaymentModal.tsx(10,10): error TS2614: Module '"@/utils/date/dateUtils"' has no exported member 'formatDate'. Did you mean to use 'import formatDate from "@/utils/date/dateUtils"' instead?
src/modules/navigation/components/MenuApp/GlobalMenu/Page/AccountReceivableToolbar/components/MultiPaymentModal/MultiPaymentModal.tsx(196,45): error TS2339: Property 'insuranceId' does not exist on type '{ name?: string; }'.
src/modules/navigation/components/MenuApp/GlobalMenu/Page/AccountReceivableToolbar/components/MultiPaymentModal/MultiPaymentModal.tsx(199,54): error TS2339: Property 'insuranceId' does not exist on type '{ name?: string; }'.
src/modules/navigation/components/MenuApp/GlobalMenu/Page/AccountReceivableToolbar/components/MultiPaymentModal/MultiPaymentModal.tsx(218,53): error TS2339: Property 'insuranceId' does not exist on type '{ name?: string; }'.
src/modules/navigation/components/MenuApp/GlobalMenu/Page/AccountReceivableToolbar/components/MultiPaymentModal/MultiPaymentModal.tsx(310,51): error TS2339: Property 'insuranceId' does not exist on type '{ name?: string; }'.
src/modules/navigation/components/MenuApp/GlobalMenu/Page/AccountReceivableToolbar/components/MultiPaymentModal/MultiPaymentModal.tsx(365,51): error TS2339: Property 'insuranceId' does not exist on type '{ name?: string; }'.
src/modules/navigation/components/MenuApp/GlobalMenu/Page/WarehouseToolbar.tsx(43,14): error TS2554: Expected 1 arguments, but got 0.
src/modules/orderAndPurchase/pages/OrderAndPurchase/BackOrders/BackOrders.tsx(15,10): error TS2614: Module '"@/utils/date/dateUtils"' has no exported member 'formatLocaleDate'. Did you mean to use 'import formatLocaleDate from "@/utils/date/dateUtils"' instead?
src/modules/orderAndPurchase/pages/OrderAndPurchase/OrderManagement/components/GeneralForm/components/OrderSelector.tsx(11,10): error TS2614: Module '"@/utils/date/dateUtils"' has no exported member 'formatDate'. Did you mean to use 'import formatDate from "@/utils/date/dateUtils"' instead?
src/modules/orderAndPurchase/pages/OrderAndPurchase/OrderManagement/components/ProductsTable.tsx(201,31): error TS2365: Operator '+' cannot be applied to types 'number' and 'unknown'.
src/modules/orderAndPurchase/pages/OrderAndPurchase/OrderManagement/OrderManagement.tsx(201,42): error TS2339: Property 'length' does not exist on type 'unknown'.
src/modules/orderAndPurchase/pages/OrderAndPurchase/OrderManagement/OrderManagement.tsx(214,24): error TS2345: Argument of type '{ user: UserIdentity; order: Order; localFiles: EvidenceFileInput[]; }' is not assignable to parameter of type '{ user: any; order: any; localFiles?: any[]; setLoading: any; }'.
  Property 'setLoading' is missing in type '{ user: UserIdentity; order: Order; localFiles: EvidenceFileInput[]; }' but required in type '{ user: any; order: any; localFiles?: any[]; setLoading: any; }'.
src/modules/orderAndPurchase/pages/OrderAndPurchase/PurchaseManagement/components/BackOrdersModal.tsx(7,15): error TS2724: '"@/utils/purchase/types"' has no exported member named 'PurchaseBackOrderSelection'. Did you mean 'PurchaseBackOrderRef'?
src/modules/orderAndPurchase/pages/OrderAndPurchase/PurchaseManagement/components/GeneralForm/components/OrderSelector.tsx(11,10): error TS2614: Module '"@/utils/date/dateUtils"' has no exported member 'formatDate'. Did you mean to use 'import formatDate from "@/utils/date/dateUtils"' instead?
src/modules/orderAndPurchase/pages/OrderAndPurchase/PurchaseManagement/components/GeneralForm/GeneralForm.tsx(38,3): error TS2724: '"@/utils/purchase/types"' has no exported member named 'PurchaseBackOrderSelection'. Did you mean 'PurchaseBackOrderRef'?
src/modules/sales/pages/PreorderSale/components/PreSaleTable/tableCells.tsx(184,15): error TS2554: Expected 3 arguments, but got 2.
src/modules/sales/pages/PreorderSale/components/PreSaleTable/tableCells.tsx(232,34): error TS2554: Expected 2 arguments, but got 1.
src/modules/sales/pages/PreorderSale/components/PreSaleTable/tableCells.tsx(260,34): error TS2554: Expected 2 arguments, but got 1.
src/modules/sales/pages/Sale/components/Cart/components/InsuranceAuthFields/InsuranceAuthModal/components/Dependent/DependentSelector.tsx(15,10): error TS2614: Module '"@/utils/date/dateUtils"' has no exported member 'formatLocaleDate'. Did you mean to use 'import formatLocaleDate from "@/utils/date/dateUtils"' instead?
src/modules/sales/pages/Sale/components/Cart/components/InsuranceAuthFields/InsuranceAuthModal/InsuranceAuthModal.tsx(530,14): error TS2554: Expected 1 arguments, but got 0.
src/modules/sales/pages/Sale/components/Cart/components/InsuranceAuthFields/InsuranceAuthModal/InsuranceAuthModal.tsx(619,16): error TS2554: Expected 1 arguments, but got 0.
src/modules/sales/pages/Sale/components/Cart/components/InvoicePanel/components/Body/Body.tsx(87,14): error TS2554: Expected 1 arguments, but got 0.
src/modules/sales/pages/Sale/components/Cart/components/InvoicePanel/components/Body/components/AccountsReceivableManager/AccountsReceivableManager.tsx(11,15): error TS2305: Module '"@/utils/accountsReceivable/types"' has no exported member 'CreditLimitConfig'.
src/modules/sales/pages/Sale/components/Cart/components/InvoicePanel/components/Body/components/InsuranceManagementPanel/InsuranceManagementPanel.tsx(18,10): error TS2614: Module '"@/utils/date/dateUtils"' has no exported member 'toMillis'. Did you mean to use 'import toMillis from "@/utils/date/dateUtils"' instead?
src/modules/sales/pages/Sale/components/Cart/components/InvoicePanel/components/Body/components/MarkAsReceivableButton/components/ARValidateMessage/ARValidateMessage.tsx(2,15): error TS2305: Module '"@/utils/accountsReceivable/types"' has no exported member 'CreditLimitConfig'.
src/modules/sales/pages/Sale/components/Cart/components/InvoicePanel/components/Body/components/MarkAsReceivableButton/components/ARValidateMessage/components/CreditLimitConfig/CreditLimitConfig.tsx(3,15): error TS2305: Module '"@/utils/accountsReceivable/types"' has no exported member 'CreditLimitConfig'.
src/modules/sales/pages/Sale/components/Cart/components/InvoicePanel/components/Body/components/MarkAsReceivableButton/components/ARValidateMessage/components/GenericClientAlert.tsx(19,15): error TS2305: Module '"@/utils/accountsReceivable/types"' has no exported member 'CreditLimitConfig'.
src/modules/sales/pages/Sale/components/Cart/components/InvoicePanel/components/Body/components/MarkAsReceivableButton/components/ARValidateMessage/components/MiniClientSelector/MiniClientSelector.tsx(110,51): error TS2345: Argument of type 'unknown' is not assignable to parameter of type 'ClientRow'.
  Property 'client' is missing in type '{}' but required in type 'ClientRow'.
src/modules/sales/pages/Sale/components/Cart/components/InvoicePanel/components/Body/components/MarkAsReceivableButton/components/ARValidateMessage/components/MiniClientSelector/MiniClientSelector.tsx(128,35): error TS2339: Property 'client' does not exist on type 'unknown'.
src/modules/sales/pages/Sale/components/Cart/components/InvoicePanel/components/Body/components/MarkAsReceivableButton/components/ARValidateMessage/components/MiniClientSelector/MiniClientSelector.tsx(133,35): error TS2339: Property 'client' does not exist on type 'unknown'.
src/modules/sales/pages/Sale/components/Cart/components/InvoicePanel/components/Body/components/MarkAsReceivableButton/components/ARValidateMessage/components/MiniClientSelector/MiniClientSelector.tsx(138,42): error TS2339: Property 'client' does not exist on type 'unknown'.
src/modules/sales/pages/Sale/components/Cart/components/InvoicePanel/components/Body/components/MarkAsReceivableButton/components/ARValidateMessage/components/MiniClientSelector/MiniClientSelector.tsx(141,35): error TS2339: Property 'client' does not exist on type 'unknown'.
src/modules/sales/pages/Sale/components/Cart/components/InvoicePanel/components/Body/components/MarkAsReceivableButton/components/ARValidateMessage/components/MiniClientSelector/MiniClientSelector.tsx(146,42): error TS2339: Property 'client' does not exist on type 'unknown'.
src/modules/sales/pages/Sale/components/Cart/components/InvoicePanel/components/Body/components/MarkAsReceivableButton/MarkAsReceivableButton.tsx(17,15): error TS2305: Module '"@/utils/accountsReceivable/types"' has no exported member 'CreditLimitConfig'.
src/modules/sales/pages/Sale/components/Cart/components/InvoicePanel/components/Body/components/MarkAsReceivableButton/MarkAsReceivableButton.tsx(114,16): error TS2554: Expected 1 arguments, but got 0.
src/modules/sales/pages/Sale/components/Cart/components/InvoicePanel/components/Body/components/MarkAsReceivableButton/useARValidation.ts(9,15): error TS2305: Module '"@/utils/accountsReceivable/types"' has no exported member 'CreditLimitConfig'.
src/modules/sales/pages/Sale/components/Cart/components/InvoicePanel/components/Body/components/PaymentMethods/PaymentMethods.tsx(111,20): error TS2554: Expected 1 arguments, but got 0.
src/modules/sales/pages/Sale/components/Cart/components/InvoicePanel/components/Body/components/PaymentMethods/PaymentMethods.tsx(136,16): error TS2554: Expected 1 arguments, but got 0.
src/modules/sales/pages/Sale/components/Cart/components/InvoicePanel/components/Body/components/PaymentMethods/PaymentMethods.tsx(194,16): error TS2554: Expected 1 arguments, but got 0.
src/modules/sales/pages/Sale/components/Cart/components/InvoicePanel/components/Body/components/PaymentMethods/PaymentMethods.tsx(251,14): error TS2554: Expected 1 arguments, but got 0.
src/modules/sales/pages/Sale/components/Cart/components/InvoicePanel/components/Body/components/ReceivableManagementPanel/components/ReceivableWidget/ReceivableWidget.tsx(19,10): error TS2614: Module '"@/utils/date/dateUtils"' has no exported member 'formatDate'. Did you mean to use 'import formatDate from "@/utils/date/dateUtils"' instead?
src/modules/sales/pages/Sale/components/Cart/components/InvoicePanel/components/Body/components/ReceivableManagementPanel/components/ReceivableWidget/ReceivableWidget.tsx(64,16): error TS2554: Expected 1 arguments, but got 0.
src/modules/sales/pages/Sale/components/Cart/components/InvoicePanel/components/Body/components/ReceivableManagementPanel/ReceivableManagementPanel.tsx(27,10): error TS2614: Module '"@/utils/date/dateUtils"' has no exported member 'toMillis'. Did you mean to use 'import toMillis from "@/utils/date/dateUtils"' instead?
src/modules/sales/pages/Sale/components/Cart/components/InvoicePanel/InvoicePanel.tsx(50,10): error TS2614: Module '"@/utils/date/dateUtils"' has no exported member 'toMillis'. Did you mean to use 'import toMillis from "@/utils/date/dateUtils"' instead?
src/modules/sales/pages/Sale/components/Cart/components/InvoiceSummary/InvoiceSummary.tsx(388,11): error TS2554: Expected 2 arguments, but got 1.
src/modules/sales/pages/Sale/components/Cart/components/InvoiceSummary/InvoiceSummary.tsx(403,34): error TS2554: Expected 2 arguments, but got 1.
src/modules/sales/pages/Sale/components/Cart/components/InvoiceSummary/InvoiceSummary.tsx(493,7): error TS2554: Expected 2 arguments, but got 1.
src/modules/sales/pages/Sale/components/Cart/components/InvoiceSummary/InvoiceSummary.tsx(532,7): error TS2554: Expected 2 arguments, but got 1.
src/modules/sales/pages/Sale/components/Cart/components/ProductCardForCart/ProductCardForCart.tsx(23,10): error TS2614: Module '"@/utils/date/dateUtils"' has no exported member 'formatLocaleDate'. Did you mean to use 'import formatLocaleDate from "@/utils/date/dateUtils"' instead?
src/modules/sales/pages/Sale/components/Cart/components/ProductsList/components/BatchInfoModal/BatchInfoModal.tsx(6,10): error TS2614: Module '"@/utils/date/dateUtils"' has no exported member 'formatLocaleDate'. Did you mean to use 'import formatLocaleDate from "@/utils/date/dateUtils"' instead?
src/modules/sales/pages/Sale/components/Cart/helpers.ts(41,16): error TS2554: Expected 1 arguments, but got 0.
src/modules/sales/pages/Sale/components/Cart/helpers.ts(43,16): error TS2554: Expected 1 arguments, but got 0.
src/modules/sales/pages/Sale/components/usePreorderModal.tsx(20,10): error TS2614: Module '"@/utils/date/dateUtils"' has no exported member 'formatLocaleDate'. Did you mean to use 'import formatLocaleDate from "@/utils/date/dateUtils"' instead?
src/modules/sales/pages/Sale/components/usePreorderModal.tsx(458,34): error TS2554: Expected 2 arguments, but got 1.
src/router/routes/paths/Inventory.tsx(129,3): error TS2741: Property 'element' is missing in type '{ path: "/inventory/create-product"; }' but required in type 'AppRoute'.
src/router/routes/paths/Setting.tsx(74,3): error TS2339: Property 'CREATE_BUSINESS' does not exist on type '{ readonly SETTINGS: "/settings"; readonly SETTING: "/general-config"; readonly USERS: "/users"; readonly USERS_LIST: "list"; readonly USERS_SESSION_LOGS: "session-logs"; readonly USERS_ACTIVITY: "activity"; ... 13 more ...; readonly GENERAL_CONFIG_AUTHORIZATION: "/general-config/authorization"; }'.
src/utils/accountsReceivable/creditLimit.ts(2,15): error TS2305: Module '"./types"' has no exported member 'CreditLimitConfig'.
src/utils/invoice/date.ts(1,10): error TS2614: Module '"@/utils/date/dateUtils"' has no exported member 'toMillis'. Did you mean to use 'import toMillis from "@/utils/date/dateUtils"' instead?
src/utils/invoice/date.ts(1,20): error TS2614: Module '"@/utils/date/dateUtils"' has no exported member 'formatDate'. Did you mean to use 'import formatDate from "@/utils/date/dateUtils"' instead?
src/utils/order/totals.ts(15,3): error TS2740: Type 'PurchaseReplenishment' is missing the following properties from type 'ReplenishmentTotals': totalProducts, totalBaseCost, totalItbis, totalShipping, and 2 more.
src/utils/order/totals.ts(28,24): error TS2365: Operator '+' cannot be applied to types 'unknown' and 'number'.
src/utils/order/totals.ts(29,24): error TS2365: Operator '+' cannot be applied to types 'unknown' and 'number'.
src/utils/order/totals.ts(30,21): error TS2365: Operator '+' cannot be applied to types 'unknown' and 'number'.
src/utils/order/totals.ts(31,24): error TS2365: Operator '+' cannot be applied to types 'unknown' and 'number'.
src/utils/order/totals.ts(32,26): error TS2365: Operator '+' cannot be applied to types 'unknown' and 'number'.
src/utils/order/totals.ts(33,21): error TS2365: Operator '+' cannot be applied to types 'unknown' and 'number'.
src/views/pages/Expenses/ExpensesList/components/ExpenseReport/ExpenseReport.tsx(15,41): error TS2307: Cannot find module './reports/CategoryExpenseBarChart' or its corresponding type declarations.
src/views/pages/Expenses/ExpensesList/components/ExpenseReport/ExpenseReport.tsx(16,38): error TS2307: Cannot find module './reports/DailyExpensesBarChart' or its corresponding type declarations.
src/views/pages/Expenses/ExpensesList/components/ExpenseReport/ExpenseReport.tsx(17,52): error TS2307: Cannot find module './reports/MonthlyAndAccumulatedExpenseCharts/MonthlyAndAccumulatedExpenseCharts' or its corresponding type declarations.
src/views/pages/OrderAndPurchase/components/ProviderSelector/ProviderSelector.tsx(166,33): error TS2749: 'Input' refers to a value, but is being used as a type here. Did you mean 'typeof Input'?
src/views/pages/OrderAndPurchase/Compra/components/FilterBar/components/StatusSelector.tsx(86,7): error TS2322: Type '{ value: string; onChange: (value: string) => void; options: StatusOption[]; placeholder: string; showAllOption: boolean; defaultStyles: { color: string; bgColor: string; borderColor: string; icon: IconDefinition; }; width: string | number; clearText: string; allowClear: boolean; }' is not assignable to type 'IntrinsicAttributes & SelectorProps'.
  Property 'showAllOption' does not exist on type 'IntrinsicAttributes & SelectorProps'.
src/views/pages/OrderAndPurchase/Compra/components/FilterBar/FilterBar.tsx(126,19): error TS2322: Type '{ value: unknown; onChange: (value: any) => void; options: FilterOption[]; placeholder: string; clearText: string; icon: IconDefinition; showSearch: boolean; allowClear: true; width: string; }' is not assignable to type 'IntrinsicAttributes & SelectorProps'.
  Property 'icon' does not exist on type 'IntrinsicAttributes & SelectorProps'.
src/views/pages/OrderAndPurchase/Compra/components/PurchasesReport/PurchasesReport.tsx(13,43): error TS2307: Cannot find module './reports/CategoryPurchasesBarChart' or its corresponding type declarations.
src/views/pages/OrderAndPurchase/Compra/components/PurchasesReport/PurchasesReport.tsx(14,40): error TS2307: Cannot find module './reports/DailyPurchasesBarChart' or its corresponding type declarations.
src/views/pages/OrderAndPurchase/Compra/components/PurchasesReport/PurchasesReport.tsx(15,53): error TS2307: Cannot find module './reports/MonthlyAndAccumulatedPurchaseCharts/MonthlyAndAccumulatedPurchaseCharts' or its corresponding type declarations.
src/views/pages/OrderAndPurchase/Compra/components/PurchasesReport/PurchasesReport.tsx(16,43): error TS2307: Cannot find module './reports/ProvidersPurchasesBarChart' or its corresponding type declarations.
src/views/pages/OrderAndPurchase/Compra/components/PurchasesTable/PurchasesTable.tsx(74,7): error TS2322: Type 'PurchaseTableColumn[]' is not assignable to type 'InternalColumn<{ state: unknown; condition: string; number: string | number; provider: string; note: unknown; deliveryAt: TimestampLike; status: string; fileList: PurchaseAttachment[]; ... 4 more ...; dateGroup: string; }>[]'.
  Type 'PurchaseTableColumn' is not assignable to type 'InternalColumn<{ state: unknown; condition: string; number: string | number; provider: string; note: unknown; deliveryAt: TimestampLike; status: string; fileList: PurchaseAttachment[]; ... 4 more ...; dateGroup: string; }>'.
    Type 'PurchaseTableColumn' is not assignable to type 'Omit<ColumnConfig, "cell">'.
      Types of property 'type' are incompatible.
        Type 'string' is not assignable to type 'CellType'.
src/views/pages/OrderAndPurchase/Order/components/OrderListTable/OrdersTable.tsx(42,7): error TS2322: Type 'OrderTableColumn[]' is not assignable to type 'InternalColumn<{ number: string | number; status: string; provider: string; condition: string; note: unknown; createdAt: unknown; paymentDate: number; items: number; deliveryDate: unknown; fileList: PurchaseAttachment[]; total: number; action: Order; }>[]'.
  Type 'OrderTableColumn' is not assignable to type 'InternalColumn<{ number: string | number; status: string; provider: string; condition: string; note: unknown; createdAt: unknown; paymentDate: number; items: number; deliveryDate: unknown; fileList: PurchaseAttachment[]; total: number; action: Order; }>'.
    Type 'OrderTableColumn' is not assignable to type 'Omit<ColumnConfig, "cell">'.
      Types of property 'type' are incompatible.
        Type 'string' is not assignable to type 'CellType'.
src/views/pages/OrderAndPurchase/PurchaseManagement/components/ProductsTable.tsx(239,10): error TS2322: Type '{ children: string; record: PurchaseRow; inputType: "number"; dataIndex: string; onSave: (record: PurchaseRow, dataIndex: keyof PurchaseRow, value: unknown) => void; }' is not assignable to type 'IntrinsicAttributes & EditableCellProps'.
  Property 'children' does not exist on type 'IntrinsicAttributes & EditableCellProps'.
src/views/pages/OrderAndPurchase/PurchaseManagement/components/ProductsTable.tsx(253,10): error TS2322: Type '{ children: string; record: PurchaseRow; inputType: "number"; dataIndex: string; onSave: (record: PurchaseRow, dataIndex: keyof PurchaseRow, value: unknown) => void; }' is not assignable to type 'IntrinsicAttributes & EditableCellProps'.
  Property 'children' does not exist on type 'IntrinsicAttributes & EditableCellProps'.
src/views/pages/OrderAndPurchase/PurchaseManagement/components/ProductsTable.tsx(267,10): error TS2322: Type '{ children: string; record: PurchaseRow; inputType: "number"; dataIndex: string; onSave: (record: PurchaseRow, dataIndex: keyof PurchaseRow, value: unknown) => void; }' is not assignable to type 'IntrinsicAttributes & EditableCellProps'.
  Property 'children' does not exist on type 'IntrinsicAttributes & EditableCellProps'.
src/views/pages/OrderAndPurchase/PurchaseManagement/components/ProductsTable.tsx(281,10): error TS2322: Type '{ children: string; record: PurchaseRow; inputType: "number"; dataIndex: string; onSave: (record: PurchaseRow, dataIndex: keyof PurchaseRow, value: unknown) => void; }' is not assignable to type 'IntrinsicAttributes & EditableCellProps'.
  Property 'children' does not exist on type 'IntrinsicAttributes & EditableCellProps'.
src/views/templates/MenuApp/Components/MenuLink.tsx(51,16): error TS2554: Expected 1 arguments, but got 0.
src/views/templates/MenuApp/Components/NotificationButton/NotificationButton.tsx(16,37): error TS2345: Argument of type 'string' is not assignable to parameter of type 'void'.
src/views/templates/system/Button/AddProductButton.tsx(17,14): error TS2554: Expected 1 arguments, but got 0.
